
==========================================================================
global route report_tns
--------------------------------------------------------------------------
tns 0.00

==========================================================================
global route report_wns
--------------------------------------------------------------------------
wns 0.00

==========================================================================
global route report_worst_slack
--------------------------------------------------------------------------
worst slack 5.65

==========================================================================
global route report_clock_skew
--------------------------------------------------------------------------
Clock clk
   2.96 source latency core.CPU_Xreg_value_a4[15][5]$_SDFFE_PP0P_/CLK ^
  -2.91 target latency core.CPU_src2_value_a3[5]$_DFF_P_/CLK ^
   0.58 clock uncertainty
   0.00 CRPR
--------------
   0.63 setup skew


==========================================================================
global route report_checks -path_delay min
--------------------------------------------------------------------------
Startpoint: core.CPU_Xreg_value_a4[11][17]$_SDFFE_PP0P_
            (rising edge-triggered flip-flop clocked by clk)
Endpoint: core.CPU_src2_value_a3[17]$_DFF_P_
          (rising edge-triggered flip-flop clocked by clk)
Path Group: clk
Path Type: min

Fanout     Cap    Slew   Delay    Time   Description
-----------------------------------------------------------------------------
                          0.00    0.00   clock clk (rise edge)
                          2.00    2.00   clock source latency
     2    0.20    0.00    0.00    2.00 ^ avsdpll/CLK (avsdpll)
                                         clk_chandan (net)
                  0.03    0.01    2.01 ^ clkbuf_0_clk_chandan/A (sky130_fd_sc_hd__clkbuf_16)
     4    0.13    0.14    0.20    2.21 ^ clkbuf_0_clk_chandan/X (sky130_fd_sc_hd__clkbuf_16)
                                         clknet_0_clk_chandan (net)
                  0.14    0.01    2.21 ^ clkbuf_2_0_0_clk_chandan/A (sky130_fd_sc_hd__clkbuf_16)
     4    0.14    0.15    0.24    2.46 ^ clkbuf_2_0_0_clk_chandan/X (sky130_fd_sc_hd__clkbuf_16)
                                         clknet_2_0_0_clk_chandan (net)
                  0.15    0.00    2.46 ^ clkbuf_4_1__f_clk_chandan/A (sky130_fd_sc_hd__clkbuf_16)
    11    0.20    0.21    0.29    2.75 ^ clkbuf_4_1__f_clk_chandan/X (sky130_fd_sc_hd__clkbuf_16)
                                         clknet_4_1__leaf_clk_chandan (net)
                  0.21    0.00    2.75 ^ clkbuf_leaf_152_clk_chandan/A (sky130_fd_sc_hd__clkbuf_16)
     9    0.04    0.06    0.19    2.95 ^ clkbuf_leaf_152_clk_chandan/X (sky130_fd_sc_hd__clkbuf_16)
                                         clknet_leaf_152_clk_chandan (net)
                  0.06    0.00    2.95 ^ core.CPU_Xreg_value_a4[11][17]$_SDFFE_PP0P_/CLK (sky130_fd_sc_hd__dfxtp_1)
     3    0.01    0.13    0.37    3.32 ^ core.CPU_Xreg_value_a4[11][17]$_SDFFE_PP0P_/Q (sky130_fd_sc_hd__dfxtp_1)
                                         core.CPU_Xreg_value_a4[11][17] (net)
                  0.13    0.00    3.32 ^ _10771_/B2 (sky130_fd_sc_hd__a22oi_1)
     1    0.00    0.07    0.09    3.41 v _10771_/Y (sky130_fd_sc_hd__a22oi_1)
                                         _04850_ (net)
                  0.07    0.00    3.41 v _10773_/B (sky130_fd_sc_hd__nand3_2)
     1    0.01    0.09    0.11    3.53 ^ _10773_/Y (sky130_fd_sc_hd__nand3_2)
                                         _04852_ (net)
                  0.09    0.00    3.53 ^ _10774_/B2 (sky130_fd_sc_hd__o22ai_4)
     1    0.04    0.11    0.12    3.65 v _10774_/Y (sky130_fd_sc_hd__o22ai_4)
                                         _04853_ (net)
                  0.12    0.01    3.65 v _10776_/A2 (sky130_fd_sc_hd__o21ai_0)
     1    0.00    0.07    0.18    3.83 ^ _10776_/Y (sky130_fd_sc_hd__o21ai_0)
                                         core.CPU_src2_value_a2[17] (net)
                  0.07    0.00    3.83 ^ core.CPU_src2_value_a3[17]$_DFF_P_/D (sky130_fd_sc_hd__dfxtp_4)
                                  3.83   data arrival time

                          0.00    0.00   clock clk (rise edge)
                          2.00    2.00   clock source latency
     2    0.20    0.00    0.00    2.00 ^ avsdpll/CLK (avsdpll)
                                         clk_chandan (net)
                  0.03    0.01    2.01 ^ clkbuf_0_clk_chandan/A (sky130_fd_sc_hd__clkbuf_16)
     4    0.13    0.14    0.20    2.21 ^ clkbuf_0_clk_chandan/X (sky130_fd_sc_hd__clkbuf_16)
                                         clknet_0_clk_chandan (net)
                  0.14    0.00    2.21 ^ clkbuf_2_1_0_clk_chandan/A (sky130_fd_sc_hd__clkbuf_16)
     4    0.14    0.15    0.24    2.46 ^ clkbuf_2_1_0_clk_chandan/X (sky130_fd_sc_hd__clkbuf_16)
                                         clknet_2_1_0_clk_chandan (net)
                  0.15    0.00    2.46 ^ clkbuf_4_6__f_clk_chandan/A (sky130_fd_sc_hd__clkbuf_16)
    11    0.18    0.19    0.28    2.74 ^ clkbuf_4_6__f_clk_chandan/X (sky130_fd_sc_hd__clkbuf_16)
                                         clknet_4_6__leaf_clk_chandan (net)
                  0.19    0.00    2.74 ^ clkbuf_leaf_141_clk_chandan/A (sky130_fd_sc_hd__clkbuf_16)
     8    0.05    0.07    0.20    2.94 ^ clkbuf_leaf_141_clk_chandan/X (sky130_fd_sc_hd__clkbuf_16)
                                         clknet_leaf_141_clk_chandan (net)
                  0.07    0.00    2.94 ^ core.CPU_src2_value_a3[17]$_DFF_P_/CLK (sky130_fd_sc_hd__dfxtp_4)
                          0.92    3.86   clock uncertainty
                          0.00    3.86   clock reconvergence pessimism
                         -0.03    3.83   library hold time
                                  3.83   data required time
-----------------------------------------------------------------------------
                                  3.83   data required time
                                 -3.83   data arrival time
-----------------------------------------------------------------------------
                                  0.00   slack (MET)



==========================================================================
global route report_checks -path_delay max
--------------------------------------------------------------------------
Startpoint: core.CPU_imm_a3[30]$_DFF_P_
            (rising edge-triggered flip-flop clocked by clk)
Endpoint: core.CPU_Xreg_value_a4[6][30]$_SDFFE_PP0P_
          (rising edge-triggered flip-flop clocked by clk)
Path Group: clk
Path Type: max

Fanout     Cap    Slew   Delay    Time   Description
-----------------------------------------------------------------------------
                          0.00    0.00   clock clk (rise edge)
                          2.00    2.00   clock source latency
     2    0.20    0.00    0.00    2.00 ^ avsdpll/CLK (avsdpll)
                                         clk_chandan (net)
                  0.03    0.01    2.01 ^ clkbuf_0_clk_chandan/A (sky130_fd_sc_hd__clkbuf_16)
     4    0.13    0.14    0.20    2.21 ^ clkbuf_0_clk_chandan/X (sky130_fd_sc_hd__clkbuf_16)
                                         clknet_0_clk_chandan (net)
                  0.14    0.00    2.21 ^ clkbuf_2_3_0_clk_chandan/A (sky130_fd_sc_hd__clkbuf_16)
     4    0.13    0.14    0.24    2.45 ^ clkbuf_2_3_0_clk_chandan/X (sky130_fd_sc_hd__clkbuf_16)
                                         clknet_2_3_0_clk_chandan (net)
                  0.14    0.00    2.46 ^ clkbuf_4_13__f_clk_chandan/A (sky130_fd_sc_hd__clkbuf_16)
    11    0.19    0.20    0.28    2.73 ^ clkbuf_4_13__f_clk_chandan/X (sky130_fd_sc_hd__clkbuf_16)
                                         clknet_4_13__leaf_clk_chandan (net)
                  0.20    0.00    2.74 ^ clkbuf_leaf_96_clk_chandan/A (sky130_fd_sc_hd__clkbuf_16)
    10    0.05    0.07    0.20    2.94 ^ clkbuf_leaf_96_clk_chandan/X (sky130_fd_sc_hd__clkbuf_16)
                                         clknet_leaf_96_clk_chandan (net)
                  0.07    0.00    2.94 ^ core.CPU_imm_a3[30]$_DFF_P_/CLK (sky130_fd_sc_hd__dfxtp_4)
    51    0.41    1.14    1.05    4.00 ^ core.CPU_imm_a3[30]$_DFF_P_/Q (sky130_fd_sc_hd__dfxtp_4)
                                         core.CPU_imm_a3[10] (net)
                  1.14    0.03    4.02 ^ _11528_/B (sky130_fd_sc_hd__ha_2)
     6    0.03    0.11    0.55    4.57 v _11528_/SUM (sky130_fd_sc_hd__ha_2)
                                         _05639_ (net)
                  0.11    0.00    4.57 v _07982_/C (sky130_fd_sc_hd__nor3_2)
     3    0.02    0.36    0.31    4.88 ^ _07982_/Y (sky130_fd_sc_hd__nor3_2)
                                         _02612_ (net)
                  0.36    0.00    4.88 ^ _07984_/A (sky130_fd_sc_hd__nand2_2)
     2    0.02    0.13    0.16    5.03 v _07984_/Y (sky130_fd_sc_hd__nand2_2)
                                         _02614_ (net)
                  0.13    0.00    5.03 v _07988_/A2 (sky130_fd_sc_hd__a21oi_2)
     2    0.02    0.26    0.29    5.32 ^ _07988_/Y (sky130_fd_sc_hd__a21oi_2)
                                         _02618_ (net)
                  0.26    0.00    5.32 ^ _08107_/A1 (sky130_fd_sc_hd__o21ai_4)
     4    0.04    0.19    0.16    5.49 v _08107_/Y (sky130_fd_sc_hd__o21ai_4)
                                         _02733_ (net)
                  0.19    0.01    5.49 v _08315_/A1 (sky130_fd_sc_hd__a21oi_4)
     3    0.03    0.23    0.28    5.77 ^ _08315_/Y (sky130_fd_sc_hd__a21oi_4)
                                         _02932_ (net)
                  0.23    0.00    5.77 ^ _08522_/A2 (sky130_fd_sc_hd__o211ai_2)
     2    0.01    0.14    0.15    5.91 v _08522_/Y (sky130_fd_sc_hd__o211ai_2)
                                         _03129_ (net)
                  0.14    0.00    5.91 v _08526_/B (sky130_fd_sc_hd__and3_1)
     1    0.01    0.07    0.24    6.16 v _08526_/X (sky130_fd_sc_hd__and3_1)
                                         _03133_ (net)
                  0.07    0.00    6.16 v _08540_/B (sky130_fd_sc_hd__nor3_4)
    17    0.14    1.30    1.02    7.18 ^ _08540_/Y (sky130_fd_sc_hd__nor3_4)
                                         _03147_ (net)
                  1.30    0.04    7.21 ^ _09692_/B2 (sky130_fd_sc_hd__o221ai_1)
     1    0.01    0.25    0.29    7.50 v _09692_/Y (sky130_fd_sc_hd__o221ai_1)
                                         _00919_ (net)
                  0.25    0.00    7.50 v hold1487/A (sky130_fd_sc_hd__dlygate4sd3_1)
     1    0.00    0.06    0.65    8.15 v hold1487/X (sky130_fd_sc_hd__dlygate4sd3_1)
                                         net1726 (net)
                  0.06    0.00    8.15 v core.CPU_Xreg_value_a4[6][30]$_SDFFE_PP0P_/D (sky130_fd_sc_hd__dfxtp_1)
                                  8.15   data arrival time

                         11.55   11.55   clock clk (rise edge)
                          2.00   13.55   clock source latency
     2    0.20    0.00    0.00   13.55 ^ avsdpll/CLK (avsdpll)
                                         clk_chandan (net)
                  0.03    0.01   13.56 ^ clkbuf_0_clk_chandan/A (sky130_fd_sc_hd__clkbuf_16)
     4    0.13    0.14    0.20   13.76 ^ clkbuf_0_clk_chandan/X (sky130_fd_sc_hd__clkbuf_16)
                                         clknet_0_clk_chandan (net)
                  0.14    0.01   13.76 ^ clkbuf_2_0_0_clk_chandan/A (sky130_fd_sc_hd__clkbuf_16)
     4    0.14    0.15    0.24   14.01 ^ clkbuf_2_0_0_clk_chandan/X (sky130_fd_sc_hd__clkbuf_16)
                                         clknet_2_0_0_clk_chandan (net)
                  0.15    0.01   14.01 ^ clkbuf_4_0__f_clk_chandan/A (sky130_fd_sc_hd__clkbuf_16)
    11    0.19    0.20    0.28   14.30 ^ clkbuf_4_0__f_clk_chandan/X (sky130_fd_sc_hd__clkbuf_16)
                                         clknet_4_0__leaf_clk_chandan (net)
                  0.20    0.01   14.30 ^ clkbuf_leaf_6_clk_chandan/A (sky130_fd_sc_hd__clkbuf_16)
     8    0.04    0.06    0.19   14.50 ^ clkbuf_leaf_6_clk_chandan/X (sky130_fd_sc_hd__clkbuf_16)
                                         clknet_leaf_6_clk_chandan (net)
                  0.06    0.00   14.50 ^ core.CPU_Xreg_value_a4[6][30]$_SDFFE_PP0P_/CLK (sky130_fd_sc_hd__dfxtp_1)
                         -0.58   13.92   clock uncertainty
                          0.00   13.92   clock reconvergence pessimism
                         -0.11   13.80   library setup time
                                 13.80   data required time
-----------------------------------------------------------------------------
                                 13.80   data required time
                                 -8.15   data arrival time
-----------------------------------------------------------------------------
                                  5.65   slack (MET)



==========================================================================
global route report_checks -unconstrained
--------------------------------------------------------------------------
Startpoint: core.CPU_imm_a3[30]$_DFF_P_
            (rising edge-triggered flip-flop clocked by clk)
Endpoint: core.CPU_Xreg_value_a4[6][30]$_SDFFE_PP0P_
          (rising edge-triggered flip-flop clocked by clk)
Path Group: clk
Path Type: max

Fanout     Cap    Slew   Delay    Time   Description
-----------------------------------------------------------------------------
                          0.00    0.00   clock clk (rise edge)
                          2.00    2.00   clock source latency
     2    0.20    0.00    0.00    2.00 ^ avsdpll/CLK (avsdpll)
                                         clk_chandan (net)
                  0.03    0.01    2.01 ^ clkbuf_0_clk_chandan/A (sky130_fd_sc_hd__clkbuf_16)
     4    0.13    0.14    0.20    2.21 ^ clkbuf_0_clk_chandan/X (sky130_fd_sc_hd__clkbuf_16)
                                         clknet_0_clk_chandan (net)
                  0.14    0.00    2.21 ^ clkbuf_2_3_0_clk_chandan/A (sky130_fd_sc_hd__clkbuf_16)
     4    0.13    0.14    0.24    2.45 ^ clkbuf_2_3_0_clk_chandan/X (sky130_fd_sc_hd__clkbuf_16)
                                         clknet_2_3_0_clk_chandan (net)
                  0.14    0.00    2.46 ^ clkbuf_4_13__f_clk_chandan/A (sky130_fd_sc_hd__clkbuf_16)
    11    0.19    0.20    0.28    2.73 ^ clkbuf_4_13__f_clk_chandan/X (sky130_fd_sc_hd__clkbuf_16)
                                         clknet_4_13__leaf_clk_chandan (net)
                  0.20    0.00    2.74 ^ clkbuf_leaf_96_clk_chandan/A (sky130_fd_sc_hd__clkbuf_16)
    10    0.05    0.07    0.20    2.94 ^ clkbuf_leaf_96_clk_chandan/X (sky130_fd_sc_hd__clkbuf_16)
                                         clknet_leaf_96_clk_chandan (net)
                  0.07    0.00    2.94 ^ core.CPU_imm_a3[30]$_DFF_P_/CLK (sky130_fd_sc_hd__dfxtp_4)
    51    0.41    1.14    1.05    4.00 ^ core.CPU_imm_a3[30]$_DFF_P_/Q (sky130_fd_sc_hd__dfxtp_4)
                                         core.CPU_imm_a3[10] (net)
                  1.14    0.03    4.02 ^ _11528_/B (sky130_fd_sc_hd__ha_2)
     6    0.03    0.11    0.55    4.57 v _11528_/SUM (sky130_fd_sc_hd__ha_2)
                                         _05639_ (net)
                  0.11    0.00    4.57 v _07982_/C (sky130_fd_sc_hd__nor3_2)
     3    0.02    0.36    0.31    4.88 ^ _07982_/Y (sky130_fd_sc_hd__nor3_2)
                                         _02612_ (net)
                  0.36    0.00    4.88 ^ _07984_/A (sky130_fd_sc_hd__nand2_2)
     2    0.02    0.13    0.16    5.03 v _07984_/Y (sky130_fd_sc_hd__nand2_2)
                                         _02614_ (net)
                  0.13    0.00    5.03 v _07988_/A2 (sky130_fd_sc_hd__a21oi_2)
     2    0.02    0.26    0.29    5.32 ^ _07988_/Y (sky130_fd_sc_hd__a21oi_2)
                                         _02618_ (net)
                  0.26    0.00    5.32 ^ _08107_/A1 (sky130_fd_sc_hd__o21ai_4)
     4    0.04    0.19    0.16    5.49 v _08107_/Y (sky130_fd_sc_hd__o21ai_4)
                                         _02733_ (net)
                  0.19    0.01    5.49 v _08315_/A1 (sky130_fd_sc_hd__a21oi_4)
     3    0.03    0.23    0.28    5.77 ^ _08315_/Y (sky130_fd_sc_hd__a21oi_4)
                                         _02932_ (net)
                  0.23    0.00    5.77 ^ _08522_/A2 (sky130_fd_sc_hd__o211ai_2)
     2    0.01    0.14    0.15    5.91 v _08522_/Y (sky130_fd_sc_hd__o211ai_2)
                                         _03129_ (net)
                  0.14    0.00    5.91 v _08526_/B (sky130_fd_sc_hd__and3_1)
     1    0.01    0.07    0.24    6.16 v _08526_/X (sky130_fd_sc_hd__and3_1)
                                         _03133_ (net)
                  0.07    0.00    6.16 v _08540_/B (sky130_fd_sc_hd__nor3_4)
    17    0.14    1.30    1.02    7.18 ^ _08540_/Y (sky130_fd_sc_hd__nor3_4)
                                         _03147_ (net)
                  1.30    0.04    7.21 ^ _09692_/B2 (sky130_fd_sc_hd__o221ai_1)
     1    0.01    0.25    0.29    7.50 v _09692_/Y (sky130_fd_sc_hd__o221ai_1)
                                         _00919_ (net)
                  0.25    0.00    7.50 v hold1487/A (sky130_fd_sc_hd__dlygate4sd3_1)
     1    0.00    0.06    0.65    8.15 v hold1487/X (sky130_fd_sc_hd__dlygate4sd3_1)
                                         net1726 (net)
                  0.06    0.00    8.15 v core.CPU_Xreg_value_a4[6][30]$_SDFFE_PP0P_/D (sky130_fd_sc_hd__dfxtp_1)
                                  8.15   data arrival time

                         11.55   11.55   clock clk (rise edge)
                          2.00   13.55   clock source latency
     2    0.20    0.00    0.00   13.55 ^ avsdpll/CLK (avsdpll)
                                         clk_chandan (net)
                  0.03    0.01   13.56 ^ clkbuf_0_clk_chandan/A (sky130_fd_sc_hd__clkbuf_16)
     4    0.13    0.14    0.20   13.76 ^ clkbuf_0_clk_chandan/X (sky130_fd_sc_hd__clkbuf_16)
                                         clknet_0_clk_chandan (net)
                  0.14    0.01   13.76 ^ clkbuf_2_0_0_clk_chandan/A (sky130_fd_sc_hd__clkbuf_16)
     4    0.14    0.15    0.24   14.01 ^ clkbuf_2_0_0_clk_chandan/X (sky130_fd_sc_hd__clkbuf_16)
                                         clknet_2_0_0_clk_chandan (net)
                  0.15    0.01   14.01 ^ clkbuf_4_0__f_clk_chandan/A (sky130_fd_sc_hd__clkbuf_16)
    11    0.19    0.20    0.28   14.30 ^ clkbuf_4_0__f_clk_chandan/X (sky130_fd_sc_hd__clkbuf_16)
                                         clknet_4_0__leaf_clk_chandan (net)
                  0.20    0.01   14.30 ^ clkbuf_leaf_6_clk_chandan/A (sky130_fd_sc_hd__clkbuf_16)
     8    0.04    0.06    0.19   14.50 ^ clkbuf_leaf_6_clk_chandan/X (sky130_fd_sc_hd__clkbuf_16)
                                         clknet_leaf_6_clk_chandan (net)
                  0.06    0.00   14.50 ^ core.CPU_Xreg_value_a4[6][30]$_SDFFE_PP0P_/CLK (sky130_fd_sc_hd__dfxtp_1)
                         -0.58   13.92   clock uncertainty
                          0.00   13.92   clock reconvergence pessimism
                         -0.11   13.80   library setup time
                                 13.80   data required time
-----------------------------------------------------------------------------
                                 13.80   data required time
                                 -8.15   data arrival time
-----------------------------------------------------------------------------
                                  5.65   slack (MET)



==========================================================================
global route report_check_types -max_slew -max_cap -max_fanout -violators
--------------------------------------------------------------------------

==========================================================================
global route max_slew_check_slack
--------------------------------------------------------------------------
0.028257953003048897

==========================================================================
global route max_slew_check_limit
--------------------------------------------------------------------------
1.5

==========================================================================
global route max_slew_check_slack_limit
--------------------------------------------------------------------------
0.0188

==========================================================================
global route max_fanout_check_slack
--------------------------------------------------------------------------
1.0000000150474662e+30

==========================================================================
global route max_fanout_check_limit
--------------------------------------------------------------------------
1.0000000150474662e+30

==========================================================================
global route max_capacitance_check_slack
--------------------------------------------------------------------------
0.008410372771322727

==========================================================================
global route max_capacitance_check_limit
--------------------------------------------------------------------------
0.43305400013923645

==========================================================================
global route max_capacitance_check_slack_limit
--------------------------------------------------------------------------
0.0194

==========================================================================
global route max_slew_violation_count
--------------------------------------------------------------------------
max slew violation count 0

==========================================================================
global route max_fanout_violation_count
--------------------------------------------------------------------------
max fanout violation count 0

==========================================================================
global route max_cap_violation_count
--------------------------------------------------------------------------
max cap violation count 0

==========================================================================
global route setup_violation_count
--------------------------------------------------------------------------
setup violation count 0

==========================================================================
global route hold_violation_count
--------------------------------------------------------------------------
hold violation count 0

==========================================================================
global route report_checks -path_delay max reg to reg
--------------------------------------------------------------------------
Startpoint: core.CPU_imm_a3[30]$_DFF_P_
            (rising edge-triggered flip-flop clocked by clk)
Endpoint: core.CPU_Xreg_value_a4[6][30]$_SDFFE_PP0P_
          (rising edge-triggered flip-flop clocked by clk)
Path Group: clk
Path Type: max

  Delay    Time   Description
---------------------------------------------------------
   0.00    0.00   clock clk (rise edge)
   2.00    2.00   clock source latency
   0.00    2.00 ^ avsdpll/CLK (avsdpll)
   0.21    2.21 ^ clkbuf_0_clk_chandan/X (sky130_fd_sc_hd__clkbuf_16)
   0.24    2.45 ^ clkbuf_2_3_0_clk_chandan/X (sky130_fd_sc_hd__clkbuf_16)
   0.28    2.73 ^ clkbuf_4_13__f_clk_chandan/X (sky130_fd_sc_hd__clkbuf_16)
   0.21    2.94 ^ clkbuf_leaf_96_clk_chandan/X (sky130_fd_sc_hd__clkbuf_16)
   0.00    2.94 ^ core.CPU_imm_a3[30]$_DFF_P_/CLK (sky130_fd_sc_hd__dfxtp_4)
   1.05    4.00 ^ core.CPU_imm_a3[30]$_DFF_P_/Q (sky130_fd_sc_hd__dfxtp_4)
   0.57    4.57 v _11528_/SUM (sky130_fd_sc_hd__ha_2)
   0.31    4.88 ^ _07982_/Y (sky130_fd_sc_hd__nor3_2)
   0.16    5.03 v _07984_/Y (sky130_fd_sc_hd__nand2_2)
   0.29    5.32 ^ _07988_/Y (sky130_fd_sc_hd__a21oi_2)
   0.16    5.49 v _08107_/Y (sky130_fd_sc_hd__o21ai_4)
   0.28    5.77 ^ _08315_/Y (sky130_fd_sc_hd__a21oi_4)
   0.15    5.91 v _08522_/Y (sky130_fd_sc_hd__o211ai_2)
   0.24    6.16 v _08526_/X (sky130_fd_sc_hd__and3_1)
   1.02    7.18 ^ _08540_/Y (sky130_fd_sc_hd__nor3_4)
   0.32    7.50 v _09692_/Y (sky130_fd_sc_hd__o221ai_1)
   0.65    8.15 v hold1487/X (sky130_fd_sc_hd__dlygate4sd3_1)
   0.00    8.15 v core.CPU_Xreg_value_a4[6][30]$_SDFFE_PP0P_/D (sky130_fd_sc_hd__dfxtp_1)
           8.15   data arrival time

  11.55   11.55   clock clk (rise edge)
   2.00   13.55   clock source latency
   0.00   13.55 ^ avsdpll/CLK (avsdpll)
   0.21   13.76 ^ clkbuf_0_clk_chandan/X (sky130_fd_sc_hd__clkbuf_16)
   0.25   14.01 ^ clkbuf_2_0_0_clk_chandan/X (sky130_fd_sc_hd__clkbuf_16)
   0.29   14.30 ^ clkbuf_4_0__f_clk_chandan/X (sky130_fd_sc_hd__clkbuf_16)
   0.20   14.50 ^ clkbuf_leaf_6_clk_chandan/X (sky130_fd_sc_hd__clkbuf_16)
   0.00   14.50 ^ core.CPU_Xreg_value_a4[6][30]$_SDFFE_PP0P_/CLK (sky130_fd_sc_hd__dfxtp_1)
  -0.58   13.92   clock uncertainty
   0.00   13.92   clock reconvergence pessimism
  -0.11   13.80   library setup time
          13.80   data required time
---------------------------------------------------------
          13.80   data required time
          -8.15   data arrival time
---------------------------------------------------------
           5.65   slack (MET)



==========================================================================
global route report_checks -path_delay min reg to reg
--------------------------------------------------------------------------
Startpoint: core.CPU_Xreg_value_a4[11][17]$_SDFFE_PP0P_
            (rising edge-triggered flip-flop clocked by clk)
Endpoint: core.CPU_src2_value_a3[17]$_DFF_P_
          (rising edge-triggered flip-flop clocked by clk)
Path Group: clk
Path Type: min

  Delay    Time   Description
---------------------------------------------------------
   0.00    0.00   clock clk (rise edge)
   2.00    2.00   clock source latency
   0.00    2.00 ^ avsdpll/CLK (avsdpll)
   0.21    2.21 ^ clkbuf_0_clk_chandan/X (sky130_fd_sc_hd__clkbuf_16)
   0.25    2.46 ^ clkbuf_2_0_0_clk_chandan/X (sky130_fd_sc_hd__clkbuf_16)
   0.29    2.75 ^ clkbuf_4_1__f_clk_chandan/X (sky130_fd_sc_hd__clkbuf_16)
   0.20    2.95 ^ clkbuf_leaf_152_clk_chandan/X (sky130_fd_sc_hd__clkbuf_16)
   0.00    2.95 ^ core.CPU_Xreg_value_a4[11][17]$_SDFFE_PP0P_/CLK (sky130_fd_sc_hd__dfxtp_1)
   0.37    3.32 ^ core.CPU_Xreg_value_a4[11][17]$_SDFFE_PP0P_/Q (sky130_fd_sc_hd__dfxtp_1)
   0.09    3.41 v _10771_/Y (sky130_fd_sc_hd__a22oi_1)
   0.11    3.53 ^ _10773_/Y (sky130_fd_sc_hd__nand3_2)
   0.12    3.65 v _10774_/Y (sky130_fd_sc_hd__o22ai_4)
   0.18    3.83 ^ _10776_/Y (sky130_fd_sc_hd__o21ai_0)
   0.00    3.83 ^ core.CPU_src2_value_a3[17]$_DFF_P_/D (sky130_fd_sc_hd__dfxtp_4)
           3.83   data arrival time

   0.00    0.00   clock clk (rise edge)
   2.00    2.00   clock source latency
   0.00    2.00 ^ avsdpll/CLK (avsdpll)
   0.21    2.21 ^ clkbuf_0_clk_chandan/X (sky130_fd_sc_hd__clkbuf_16)
   0.25    2.46 ^ clkbuf_2_1_0_clk_chandan/X (sky130_fd_sc_hd__clkbuf_16)
   0.28    2.74 ^ clkbuf_4_6__f_clk_chandan/X (sky130_fd_sc_hd__clkbuf_16)
   0.20    2.94 ^ clkbuf_leaf_141_clk_chandan/X (sky130_fd_sc_hd__clkbuf_16)
   0.00    2.94 ^ core.CPU_src2_value_a3[17]$_DFF_P_/CLK (sky130_fd_sc_hd__dfxtp_4)
   0.92    3.86   clock uncertainty
   0.00    3.86   clock reconvergence pessimism
  -0.03    3.83   library hold time
           3.83   data required time
---------------------------------------------------------
           3.83   data required time
          -3.83   data arrival time
---------------------------------------------------------
           0.00   slack (MET)



==========================================================================
global route critical path target clock latency max path
--------------------------------------------------------------------------
0

==========================================================================
global route critical path target clock latency min path
--------------------------------------------------------------------------
0

==========================================================================
global route critical path source clock latency min path
--------------------------------------------------------------------------
0

==========================================================================
global route critical path delay
--------------------------------------------------------------------------
8.1549

==========================================================================
global route critical path slack
--------------------------------------------------------------------------
5.6499

==========================================================================
global route slack div critical path delay
--------------------------------------------------------------------------
69.282272

==========================================================================
global route report_power
--------------------------------------------------------------------------
Group                  Internal  Switching    Leakage      Total
                          Power      Power      Power      Power (Watts)
----------------------------------------------------------------
Sequential             4.82e-03   9.31e-04   1.04e-08   5.76e-03  30.5%
Combinational          2.08e-03   4.76e-03   2.42e-08   6.84e-03  36.2%
Clock                  3.29e-03   3.01e-03   2.82e-09   6.31e-03  33.4%
Macro                  0.00e+00   0.00e+00   0.00e+00   0.00e+00   0.0%
Pad                    0.00e+00   0.00e+00   0.00e+00   0.00e+00   0.0%
----------------------------------------------------------------
Total                  1.02e-02   8.70e-03   3.74e-08   1.89e-02 100.0%
                          54.0%      46.0%       0.0%
